02-22-2024 20:17:22: checking if element //span[contains(text(),'Dashboard')] exists
02-22-2024 20:19:37: checking if element //span[contains(text(),'Dashboard')] exists
02-22-2024 20:27:44: checking if element //span[contains(text(),'Dashboard')] exists
02-22-2024 20:28:50: checking if element //span[contains(text(),'Dashboard')] exists
